============================================================
构建完成  2026-08-12 22:05:44
  节点数      : 125
  边数(普通)  : 545（可视 518 / 软连接 27）
  上位替代边  : 19
  输出文件    : site\data\graph.js
  警告数      : 2
    [警告] [mathematics\differential-geometry.md] [[classical-mechanics-geometry]] 引用了不存在的节点
    [警告] [mathematics\fourier-analysis.md] [[signal-processing]] 引用了不存在的节点
============================================================
============================================================
构建完成  2026-08-12 22:06:01
  节点数      : 125
  边数(普通)  : 545（可视 518 / 软连接 27）
  上位替代边  : 19
  输出文件    : site\data\graph.js
  无警告
============================================================
============================================================
构建完成  2026-08-12 22:15:44
  节点数      : 125
  边数(普通)  : 545（可视 517 / 软连接 28）
  上位替代边  : 19
  输出文件    : site\data\graph.js
  无警告
============================================================
============================================================
构建完成  2026-08-13 09:29:18
  节点数      : 137
  边数(普通)  : 601（可视 569 / 软连接 32）
  上位替代边  : 19
  输出文件    : site\data\graph.js
  无警告
============================================================
============================================================
构建完成  2026-08-13 09:40:34
  节点数      : 164
  边数(普通)  : 721（可视 674 / 软连接 47）
  上位替代边  : 19
  输出文件    : site\data\graph.js
  无警告
============================================================
============================================================
构建完成  2026-08-13 12:55:00
  节点数      : 164
  边数(普通)  : 721（可视 674 / 软连接 47）
  上位替代边  : 19
  输出文件    : site\data\graph.js
  无警告
============================================================
============================================================
构建完成  2026-08-13 12:56:11
  节点数      : 164
  边数(普通)  : 721（可视 674 / 软连接 47）
  上位替代边  : 19
  输出文件    : site\data\graph.js
  无警告
============================================================
============================================================
构建完成  2026-08-13 13:00:17
  节点数      : 164
  边数(普通)  : 721（可视 674 / 软连接 47）
  上位替代边  : 19
  输出文件    : site\data\graph.js
  无警告
============================================================
============================================================
构建完成  2026-08-13 13:02:47
  节点数      : 164
  边数(普通)  : 721（可视 674 / 软连接 47）
  上位替代边  : 19
  输出文件    : site\data\graph.js
  无警告
============================================================
============================================================
构建完成  2026-08-13 13:04:38
  节点数      : 164
  边数(普通)  : 721（可视 674 / 软连接 47）
  上位替代边  : 19
  输出文件    : site\data\graph.js
  无警告
============================================================
============================================================
构建完成  2026-08-13 13:06:33
  节点数      : 164
  边数(普通)  : 721（可视 674 / 软连接 47）
  上位替代边  : 19
  输出文件    : site\data\graph.js
  无警告
============================================================
============================================================
构建完成  2026-08-13 13:08:39
  节点数      : 164
  边数(普通)  : 721（可视 674 / 软连接 47）
  上位替代边  : 19
  输出文件    : site\data\graph.js
  无警告
============================================================
============================================================
构建完成  2026-08-13 13:12:32
  节点数      : 164
  边数(普通)  : 721（可视 674 / 软连接 47）
  上位替代边  : 19
  输出文件    : site\data\graph.js
  警告数      : 1
    [警告] [electrodynamics\electromagnetic-media.md] [[solid-state]] 引用了不存在的节点
============================================================
============================================================
构建完成  2026-08-13 13:12:39
  节点数      : 164
  边数(普通)  : 721（可视 674 / 软连接 47）
  上位替代边  : 19
  输出文件    : site\data\graph.js
  警告数      : 1
    [警告] [electrodynamics\electromagnetic-media.md] [[solid-state]] 引用了不存在的节点
============================================================
============================================================
构建完成  2026-08-13 13:12:52
  节点数      : 164
  边数(普通)  : 721（可视 674 / 软连接 47）
  上位替代边  : 19
  输出文件    : site\data\graph.js
  无警告
============================================================
============================================================
构建完成  2026-08-13 13:14:11
  节点数      : 164
  边数(普通)  : 721（可视 674 / 软连接 47）
  上位替代边  : 19
  输出文件    : site\data\graph.js
  无警告
============================================================
============================================================
构建完成  2026-08-13 13:16:30
  节点数      : 164
  边数(普通)  : 721（可视 674 / 软连接 47）
  上位替代边  : 19
  输出文件    : site\data\graph.js
  无警告
============================================================
============================================================
构建完成  2026-08-13 13:17:47
  节点数      : 164
  边数(普通)  : 721（可视 674 / 软连接 47）
  上位替代边  : 19
  输出文件    : site\data\graph.js
  无警告
============================================================
============================================================
构建完成  2026-08-13 13:19:00
  节点数      : 164
  边数(普通)  : 721（可视 674 / 软连接 47）
  上位替代边  : 19
  输出文件    : site\data\graph.js
  无警告
============================================================
============================================================
构建完成  2026-08-13 13:20:35
  节点数      : 164
  边数(普通)  : 721（可视 674 / 软连接 47）
  上位替代边  : 19
  输出文件    : site\data\graph.js
  无警告
============================================================
============================================================
构建完成  2026-08-13 13:21:47
  节点数      : 164
  边数(普通)  : 721（可视 674 / 软连接 47）
  上位替代边  : 19
  输出文件    : site\data\graph.js
  无警告
============================================================
============================================================
构建完成  2026-08-13 13:23:16
  节点数      : 164
  边数(普通)  : 721（可视 674 / 软连接 47）
  上位替代边  : 19
  输出文件    : site\data\graph.js
  无警告
============================================================
============================================================
构建完成  2026-08-13 13:24:32
  节点数      : 164
  边数(普通)  : 721（可视 674 / 软连接 47）
  上位替代边  : 19
  输出文件    : site\data\graph.js
  无警告
============================================================
============================================================
构建完成  2026-08-13 13:25:49
  节点数      : 164
  边数(普通)  : 721（可视 674 / 软连接 47）
  上位替代边  : 19
  输出文件    : site\data\graph.js
  无警告
============================================================
============================================================
构建完成  2026-08-13 13:27:00
  节点数      : 164
  边数(普通)  : 721（可视 674 / 软连接 47）
  上位替代边  : 19
  输出文件    : site\data\graph.js
  无警告
============================================================
============================================================
构建完成  2026-08-13 13:28:30
  节点数      : 164
  边数(普通)  : 721（可视 674 / 软连接 47）
  上位替代边  : 19
  输出文件    : site\data\graph.js
  警告数      : 1
    [警告] [statistical-mechanics\nonequilibrium-thermodynamics.md] [[complex-systems]] 引用了不存在的节点
============================================================
============================================================
构建完成  2026-08-13 13:28:38
  节点数      : 164
  边数(普通)  : 721（可视 674 / 软连接 47）
  上位替代边  : 19
  输出文件    : site\data\graph.js
  警告数      : 1
    [警告] [statistical-mechanics\nonequilibrium-thermodynamics.md] [[complex-systems]] 引用了不存在的节点
============================================================
============================================================
构建完成  2026-08-13 13:28:52
  节点数      : 164
  边数(普通)  : 721（可视 674 / 软连接 47）
  上位替代边  : 19
  输出文件    : site\data\graph.js
  无警告
============================================================
============================================================
构建完成  2026-08-13 13:30:05
  节点数      : 164
  边数(普通)  : 721（可视 674 / 软连接 47）
  上位替代边  : 19
  输出文件    : site\data\graph.js
  无警告
============================================================
============================================================
构建完成  2026-08-13 13:31:18
  节点数      : 164
  边数(普通)  : 721（可视 674 / 软连接 47）
  上位替代边  : 19
  输出文件    : site\data\graph.js
  无警告
============================================================
============================================================
构建完成  2026-08-13 13:32:13
  节点数      : 164
  边数(普通)  : 721（可视 674 / 软连接 47）
  上位替代边  : 19
  输出文件    : site\data\graph.js
  无警告
============================================================
============================================================
构建完成  2026-08-13 13:34:37
  节点数      : 164
  边数(普通)  : 721（可视 674 / 软连接 47）
  上位替代边  : 19
  输出文件    : site\data\graph.js
  警告数      : 1
    [警告] [math-methods\mathematical-physics-methods.md] [[electrodynamics]] 引用了不存在的节点
============================================================
============================================================
构建完成  2026-08-13 13:34:43
  节点数      : 164
  边数(普通)  : 721（可视 674 / 软连接 47）
  上位替代边  : 19
  输出文件    : site\data\graph.js
  警告数      : 1
    [警告] [math-methods\mathematical-physics-methods.md] [[electrodynamics]] 引用了不存在的节点
============================================================
============================================================
构建完成  2026-08-13 13:34:59
  节点数      : 164
  边数(普通)  : 721（可视 674 / 软连接 47）
  上位替代边  : 19
  输出文件    : site\data\graph.js
  无警告
============================================================
============================================================
构建完成  2026-08-13 13:36:41
  节点数      : 164
  边数(普通)  : 721（可视 674 / 软连接 47）
  上位替代边  : 19
  输出文件    : site\data\graph.js
  无警告
============================================================
============================================================
构建完成  2026-08-13 13:38:19
  节点数      : 164
  边数(普通)  : 721（可视 674 / 软连接 47）
  上位替代边  : 19
  输出文件    : site\data\graph.js
  无警告
============================================================
============================================================
构建完成  2026-08-13 13:39:33
  节点数      : 164
  边数(普通)  : 721（可视 674 / 软连接 47）
  上位替代边  : 19
  输出文件    : site\data\graph.js
  无警告
============================================================
============================================================
构建完成  2026-08-13 13:41:16
  节点数      : 164
  边数(普通)  : 721（可视 674 / 软连接 47）
  上位替代边  : 19
  输出文件    : site\data\graph.js
  无警告
============================================================
============================================================
构建完成  2026-08-13 13:42:30
  节点数      : 164
  边数(普通)  : 721（可视 674 / 软连接 47）
  上位替代边  : 19
  输出文件    : site\data\graph.js
  无警告
============================================================
============================================================
构建完成  2026-08-13 13:43:44
  节点数      : 164
  边数(普通)  : 721（可视 674 / 软连接 47）
  上位替代边  : 19
  输出文件    : site\data\graph.js
  无警告
============================================================
============================================================
构建完成  2026-08-13 13:45:38
  节点数      : 164
  边数(普通)  : 721（可视 674 / 软连接 47）
  上位替代边  : 19
  输出文件    : site\data\graph.js
  无警告
============================================================
============================================================
构建完成  2026-08-13 13:47:31
  节点数      : 164
  边数(普通)  : 721（可视 674 / 软连接 47）
  上位替代边  : 19
  输出文件    : site\data\graph.js
  无警告
============================================================
============================================================
构建完成  2026-08-13 13:50:08
  节点数      : 164
  边数(普通)  : 721（可视 674 / 软连接 47）
  上位替代边  : 19
  输出文件    : site\data\graph.js
  无警告
============================================================
============================================================
构建完成  2026-08-13 13:52:03
  节点数      : 164
  边数(普通)  : 721（可视 674 / 软连接 47）
  上位替代边  : 19
  输出文件    : site\data\graph.js
  无警告
============================================================
============================================================
构建完成  2026-08-13 13:54:37
  节点数      : 164
  边数(普通)  : 721（可视 674 / 软连接 47）
  上位替代边  : 19
  输出文件    : site\data\graph.js
  无警告
============================================================
============================================================
构建完成  2026-08-13 13:56:43
  节点数      : 164
  边数(普通)  : 721（可视 674 / 软连接 47）
  上位替代边  : 19
  输出文件    : site\data\graph.js
  无警告
============================================================
============================================================
构建完成  2026-08-13 13:58:41
  节点数      : 164
  边数(普通)  : 721（可视 674 / 软连接 47）
  上位替代边  : 19
  输出文件    : site\data\graph.js
  无警告
============================================================
============================================================
构建完成  2026-08-13 14:00:21
  节点数      : 164
  边数(普通)  : 721（可视 674 / 软连接 47）
  上位替代边  : 19
  输出文件    : site\data\graph.js
  无警告
============================================================
============================================================
构建完成  2026-08-13 14:02:57
  节点数      : 164
  边数(普通)  : 721（可视 674 / 软连接 47）
  上位替代边  : 19
  输出文件    : site\data\graph.js
  无警告
============================================================
============================================================
构建完成  2026-08-13 15:34:09
  节点数      : 164
  边数(普通)  : 721（可视 674 / 软连接 47）
  上位替代边  : 19
  输出文件    : site\data\graph.js
  无警告
============================================================
============================================================
构建完成  2026-08-13 15:39:28
  节点数      : 164
  边数(普通)  : 721（可视 674 / 软连接 47）
  上位替代边  : 19
  输出文件    : site\data\graph.js
  无警告
============================================================
============================================================
构建完成  2026-08-13 16:08:43
  节点数      : 164
  边数(普通)  : 728（可视 678 / 软连接 50）
  上位替代边  : 19
  输出文件    : site\data\graph.js
  无警告
============================================================
============================================================
构建完成  2026-08-13 16:59:38
  节点数      : 164
  边数(普通)  : 728（可视 678 / 软连接 50）
  上位替代边  : 19
  输出文件    : site\data\graph.js
  无警告
============================================================
============================================================
构建完成  2026-08-14 01:33:10
  节点数      : 81
  边数        : 153（先修 107 / 相关 46；可视 153 / 软连接 0）
  输出文件    : site/data/graph.js
  无警告
============================================================
============================================================
构建完成  2026-08-14 01:33:22
  节点数      : 81
  边数        : 153（先修 107 / 相关 46；可视 153 / 软连接 0）
  输出文件    : site/data/graph.js
  无警告
============================================================
============================================================
构建完成  2026-08-14 02:34:27
  节点数      : 81
  边数        : 153（先修 107 / 相关 46；可视 153 / 软连接 0）
  输出文件    : site/data/graph.js
  无警告
============================================================
============================================================
构建完成  2026-08-14 08:51:09
  节点数      : 81
  边数        : 153（先修 107 / 相关 46；可视 153 / 软连接 0）
  输出文件    : site/data/graph.js
  无警告
============================================================
============================================================
构建完成  2026-08-14 17:00:57
  节点数      : 81
  边数        : 153（先修 107 / 相关 46；可视 153 / 软连接 0）
  输出文件    : site\data\graph.js
  无警告
============================================================
============================================================
构建完成  2026-08-14 11:58:51
  节点数      : 145
  边数        : 283（先修 200 / 相关 83；可视 283 / 软连接 0）
  输出文件    : site/data/graph.js
  警告数      : 1
    [警告] [r-chem-applied/r-materials-chem.md] [[r-condmat]] 引用了不存在的节点
============================================================
============================================================
构建完成  2026-08-14 11:58:57
  节点数      : 145
  边数        : 283（先修 200 / 相关 83；可视 283 / 软连接 0）
  输出文件    : site/data/graph.js
  警告数      : 1
    [警告] [r-chem-applied/r-materials-chem.md] [[r-condmat]] 引用了不存在的节点
============================================================
============================================================
构建完成  2026-08-14 11:58:58
  节点数      : 145
  边数        : 283（先修 200 / 相关 83；可视 283 / 软连接 0）
  输出文件    : site/data/graph.js
  警告数      : 1
    [警告] [r-chem-applied/r-materials-chem.md] [[r-condmat]] 引用了不存在的节点
============================================================
============================================================
构建完成  2026-08-14 11:59:09
  节点数      : 145
  边数        : 283（先修 200 / 相关 83；可视 283 / 软连接 0）
  输出文件    : site/data/graph.js
  无警告
============================================================
============================================================
构建完成  2026-08-14 11:59:09
  节点数      : 145
  边数        : 283（先修 200 / 相关 83；可视 283 / 软连接 0）
  输出文件    : site/data/graph.js
  无警告
============================================================
============================================================
构建完成  2026-08-14 11:59:17
  节点数      : 145
  边数        : 283（先修 200 / 相关 83；可视 283 / 软连接 0）
  输出文件    : site/data/graph.js
  无警告
============================================================
============================================================
构建完成  2026-08-14 12:02:36
  节点数      : 145
  边数        : 289（先修 200 / 相关 89；可视 289 / 软连接 0）
  输出文件    : site/data/graph.js
  无警告
============================================================
============================================================
构建完成  2026-08-14 12:38:36
  节点数      : 190
  边数        : 370（先修 255 / 相关 115；可视 369 / 软连接 1）
  输出文件    : site/data/graph.js
  警告数      : 2
    [警告] [r-eng-applied/r-materials-eng.md] [[r-condmat]] 引用了不存在的节点
    [警告] [r-eng-applied/r-materials-eng.md] [[r-chem-core]] 引用了不存在的节点
============================================================
============================================================
构建完成  2026-08-14 12:38:52
  节点数      : 190
  边数        : 370（先修 255 / 相关 115；可视 369 / 软连接 1）
  输出文件    : site/data/graph.js
  无警告
============================================================
